xrun(64): 22.09-s003: (c) Copyright 1995-2022 Cadence Design Systems, Inc.
TOOL:	xrun(64)	22.09-s003: Started on Aug 19, 2026 at 16:36:22 IST
xrun
	-64bit
	-xmlibdirname dv/xcelium/xcelium.d
	-R
	-l dv/xcelium/xrun.log
	+firmware=dv/xcelium/firmware.hex

   User defined plus("+") options:
	+firmware=dv/xcelium/firmware.hex

Loading snapshot worklib.soc_top_tb:sv .................... Done
xmsim: *W,DSEM2009: This SystemVerilog design is simulated as per IEEE 1800-2009 SystemVerilog simulation semantics. Use -disable_sem2009 option for turning off SV 2009 simulation semantics.
xcelium> source /home/install/XCELIUM2209/tools/xcelium/files/xmsimrc
xcelium> run
XCELIUM COMPILE/ELAB PASS
xmsim: *W,LMTMSG: packed array at "soc_top_tb.dut.u_mem.u_rom.firmware_file" of 8192 elements exceeds limit of 4096 - not probed
 Use 'probe -create -packed 8192' to adjust limit.
DMA_DIRECTED PASS: copy, stream, contention, reads, writes, and mixed traffic
XCELIUM SMOKE TEST PASS
Simulation complete via $finish(1) at time 1045 NS + 0
./dv/xcelium/soc_top_tb.sv:26         $finish;
xcelium> exit
TOOL:	xrun(64)	22.09-s003: Exiting on Aug 19, 2026 at 16:36:33 IST  (total: 00:00:11)
